// Jest Snapshot v1, https://goo.gl/fbAQLP

exports[`With Snapshot Testing App shows "Hello world!" 1`] = `
<div
  role="application"
>
  <input
    hidden={true}
    id="application-banner-control"
    type="checkbox"
  />
  <header
    role="banner"
  >
    <a
      href="/"
      onClick={[Function]}
    >
      <div
        className="brand"
      />
    </a>
    <nav>
      <ul>
        <li>
          <input
            className="subnav-toggle"
            defaultChecked={
              Object {
                "route": "/my/groups",
                "title": "My Groups",
              }
            }
            hidden={true}
            id="groups"
            name="subnav"
            type="radio"
          />
          <label
            htmlFor="groups"
          >
            Groups
          </label>
          <ul
            className="subnav"
          >
            <li>
              <a
                href="/my/groups"
                onClick={[Function]}
              >
                My Groups
              </a>
            </li>
            <li>
              <a
                href="/groups/search"
                onClick={[Function]}
              >
                Search
              </a>
            </li>
          </ul>
        </li>
        <li>
          <a
            href="/login"
            onClick={[Function]}
          >
            Login/Sign Up
          </a>
        </li>
        <li>
          <a
            href="/forums"
            onClick={[Function]}
          >
            Forums
          </a>
        </li>
      </ul>
    </nav>
    <footer>
      <small>
        Questions, comments, or concerns? 
        <a
          href="//rollforguild.atlassian.net/servicedesk/customer/portal/1"
          rel="noopener noreferrer"
          target="_blank"
        >
          Let us know!
        </a>
      </small>
      <nav
        className="social"
      >
        <a
          href="//twitter.com/RollForGuild"
        >
          <svg
            aria-hidden="true"
            className="svg-inline--fa fa-twitter fa-w-16 fa-fw "
            data-icon="twitter"
            data-prefix="fab"
            role="img"
            style={Object {}}
            viewBox="0 0 512 512"
            xmlns="http://www.w3.org/2000/svg"
          >
            <path
              d="M459.37 151.716c.325 4.548.325 9.097.325 13.645 0 138.72-105.583 298.558-298.558 298.558-59.452 0-114.68-17.219-161.137-47.106 8.447.974 16.568 1.299 25.34 1.299 49.055 0 94.213-16.568 130.274-44.832-46.132-.975-84.792-31.188-98.112-72.772 6.498.974 12.995 1.624 19.818 1.624 9.421 0 18.843-1.3 27.614-3.573-48.081-9.747-84.143-51.98-84.143-102.985v-1.299c13.969 7.797 30.214 12.67 47.431 13.319-28.264-18.843-46.781-51.005-46.781-87.391 0-19.492 5.197-37.36 14.294-52.954 51.655 63.675 129.3 105.258 216.365 109.807-1.624-7.797-2.599-15.918-2.599-24.04 0-57.828 46.782-104.934 104.934-104.934 30.213 0 57.502 12.67 76.67 33.137 23.715-4.548 46.456-13.32 66.599-25.34-7.798 24.366-24.366 44.833-46.132 57.827 21.117-2.273 41.584-8.122 60.426-16.243-14.292 20.791-32.161 39.308-52.628 54.253z"
              fill="currentColor"
              style={Object {}}
            />
          </svg>
        </a>
        <a
          href="//instagram.com/RollForGuild"
        >
          <svg
            aria-hidden="true"
            className="svg-inline--fa fa-instagram fa-w-14 fa-fw "
            data-icon="instagram"
            data-prefix="fab"
            role="img"
            style={Object {}}
            viewBox="0 0 448 512"
            xmlns="http://www.w3.org/2000/svg"
          >
            <path
              d="M224.1 141c-63.6 0-114.9 51.3-114.9 114.9s51.3 114.9 114.9 114.9S339 319.5 339 255.9 287.7 141 224.1 141zm0 189.6c-41.1 0-74.7-33.5-74.7-74.7s33.5-74.7 74.7-74.7 74.7 33.5 74.7 74.7-33.6 74.7-74.7 74.7zm146.4-194.3c0 14.9-12 26.8-26.8 26.8-14.9 0-26.8-12-26.8-26.8s12-26.8 26.8-26.8 26.8 12 26.8 26.8zm76.1 27.2c-1.7-35.9-9.9-67.7-36.2-93.9-26.2-26.2-58-34.4-93.9-36.2-37-2.1-147.9-2.1-184.9 0-35.8 1.7-67.6 9.9-93.9 36.1s-34.4 58-36.2 93.9c-2.1 37-2.1 147.9 0 184.9 1.7 35.9 9.9 67.7 36.2 93.9s58 34.4 93.9 36.2c37 2.1 147.9 2.1 184.9 0 35.9-1.7 67.7-9.9 93.9-36.2 26.2-26.2 34.4-58 36.2-93.9 2.1-37 2.1-147.8 0-184.8zM398.8 388c-7.8 19.6-22.9 34.7-42.6 42.6-29.5 11.7-99.5 9-132.1 9s-102.7 2.6-132.1-9c-19.6-7.8-34.7-22.9-42.6-42.6-11.7-29.5-9-99.5-9-132.1s-2.6-102.7 9-132.1c7.8-19.6 22.9-34.7 42.6-42.6 29.5-11.7 99.5-9 132.1-9s102.7-2.6 132.1 9c19.6 7.8 34.7 22.9 42.6 42.6 11.7 29.5 9 99.5 9 132.1s2.7 102.7-9 132.1z"
              fill="currentColor"
              style={Object {}}
            />
          </svg>
        </a>
        <a
          href="//facebook.com/RollForGuild"
        >
          <svg
            aria-hidden="true"
            className="svg-inline--fa fa-facebook fa-w-14 fa-fw "
            data-icon="facebook"
            data-prefix="fab"
            role="img"
            style={Object {}}
            viewBox="0 0 448 512"
            xmlns="http://www.w3.org/2000/svg"
          >
            <path
              d="M448 56.7v398.5c0 13.7-11.1 24.7-24.7 24.7H309.1V306.5h58.2l8.7-67.6h-67v-43.2c0-19.6 5.4-32.9 33.5-32.9h35.8v-60.5c-6.2-.8-27.4-2.7-52.2-2.7-51.6 0-87 31.5-87 89.4v49.9h-58.4v67.6h58.4V480H24.7C11.1 480 0 468.9 0 455.3V56.7C0 43.1 11.1 32 24.7 32h398.5c13.7 0 24.8 11.1 24.8 24.7z"
              fill="currentColor"
              style={Object {}}
            />
          </svg>
        </a>
      </nav>
      <small>
        <a
          href={undefined}
          rel="noopener noreferrer"
          target="_blank"
        >
          DEVELOPMENT
        </a>
      </small>
    </footer>
  </header>
  <header
    className="page"
  >
    <label
      className="button secondary"
      htmlFor="application-banner-control"
    >
      <svg
        aria-hidden="true"
        className="svg-inline--fa fa-bars fa-w-14 fa-fw "
        data-icon="bars"
        data-prefix="fas"
        role="img"
        style={Object {}}
        viewBox="0 0 448 512"
        xmlns="http://www.w3.org/2000/svg"
      >
        <path
          d="M16 132h416c8.837 0 16-7.163 16-16V76c0-8.837-7.163-16-16-16H16C7.163 60 0 67.163 0 76v40c0 8.837 7.163 16 16 16zm0 160h416c8.837 0 16-7.163 16-16v-40c0-8.837-7.163-16-16-16H16c-8.837 0-16 7.163-16 16v40c0 8.837 7.163 16 16 16zm0 160h416c8.837 0 16-7.163 16-16v-40c0-8.837-7.163-16-16-16H16c-8.837 0-16 7.163-16 16v40c0 8.837 7.163 16 16 16z"
          fill="currentColor"
          style={Object {}}
        />
      </svg>
    </label>
    <h1>
      Welcome
    </h1>
  </header>
  <main
    className="fade-in page home"
  >
    <div
      className="hero"
      style={
        Object {
          "backgroundImage": "url(/static/images/dice.jpg)",
        }
      }
    >
      <img
        alt="blep"
        src="/static/images/logomark.white.full.svg"
      />
    </div>
    <div>
      <p>
        Roll For Guild wants to bring people to the RPG table. We aim to build tools to make running campaigns and one shots easier as well as enable people to form, find, and join groups in their local area.
      </p>
      <p>
        We're building some simple tools such as campaign and character trackers, session notes, and spell books. However, what we are really excited about are the tools we can't mention yet. Tools that make your GM's life easier and sessions run smoother.
      </p>
      <p>
        In addition we want to address the largest barrier to entry and continual play... Finding people to play with. We are building a platform of not only tools, but a way that groups can search for nearby players and players for nearby groups. Gone forever will be the days and weeks of tracking a new group to join or a player to fill an open seat.
      </p>
      <p>
        We are Roll For Guild, and we just want to make your RPG experiences the best possible.
      </p>
    </div>
  </main>
</div>
`;
